// Jest Snapshot v1, https://goo.gl/fbAQLP

exports[`Jest async experiment Long timeout, more than default 5000 1`] = `"one"`;

exports[`Jest async experiment Short timeout 1`] = `"two"`;

exports[`Jest async experiment Short timeout one more time 1`] = `"three"`;
